=== Phase 1: download ===
[download] --skip-download set, using /Users/richner.thomas/Desktop/MayoVertex/train-srnn/tmp/overnight-cl250-resume120 as-is

=== Phase 1b: concat with prepended runs ===
[download] --skip-download set, using /Users/richner.thomas/Desktop/MayoVertex/train-srnn/tmp/overnight-cl250 as-is
[concat] overnight-cl250 -> overnight-cl250-resume120  (220 epochs total)
[concat] merged dir: /Users/richner.thomas/Desktop/MayoVertex/train-srnn/tmp/overnight-cl250-resume120__concat

=== Phase 2: run-level plots ===
  wrote curves_skip.png
  wrote semilogy_curves_skip.png
  wrote log_log_curves_skip.png
  wrote curves_no-skip.png
  wrote semilogy_curves_no-skip.png
  wrote log_log_curves_no-skip.png
  wrote semilogy_direct_curves_skip.png
  wrote semilogy_direct_curves_no-skip.png
  wrote lr_schedule.png  (peak=5.000e-04, final=5.000e-04)
  24 snapshots: ['init', 'ep000', 'ep010', 'ep020', 'ep030', 'ep040', 'ep050', 'ep060', 'ep070', 'ep080', 'ep090', 'ep100', 'ep110', 'ep120', 'ep130', 'ep140', 'ep150', 'ep160', 'ep170', 'ep180', 'ep190', 'ep200', 'ep210', 'last']
  wrote weight_evolution.png
  Top-16 most-changed params (final / initial L2 norm):
    cell.log_tau_d_gain                                           0.001498 -> 1.743  (+116239.80%)
    cell.log_tau_a_E_gain                                         0.001248 -> 1.358  (+108723.91%)
    cell.log_tau_b_rec_E_gain                                     0.001244 -> 1.177  (+94456.46%)
    cell.log_tau_b_rel_E_gain                                     0.001245 -> 0.982  (+78752.66%)
    cell.log_c_E_gain                                             0.001247 -> 0.6622  (+53012.34%)
    cell.c_0_E_vec                                                0.02428 -> 6.823  (+28002.95%)
    readout_bias                                                  0.01381 -> 3.75  (+27053.72%)
    cell.c_0_E_scalar                                             0.001248 -> 0.3256  (+25989.19%)
    cell.a_0_scalar                                               0.001528 -> 0.2725  (+17736.79%)
    readout_weight                                                13.29 -> 30.82  (+131.98%)
    cell.log_tau_global                                           1.326 -> 0.7144  (-46.12%)
    cell.W_in_gain                                                2.45 -> 2.044  (-16.57%)
    ic.ic                                                         31.62 -> 36.76  (+16.26%)
    cell.log_tau_b_rec_E_vec                                      16.25 -> 13.91  (-14.40%)
    cell.log_tau_b_rel_E_vec                                      37.77 -> 35.32  (-6.48%)
    cell.log_tau_d_vec                                            95.55 -> 101.4  (+6.08%)

=== Phase 3: per-variant outputs ===
[per-variant] 6 variant(s)
  [0] srnn-e-only-per-neuron
    wrote srnn-e-only-per-neuron/tau_evolution.png
    wrote srnn-e-only-per-neuron/W_EI_evolution.png
    wrote srnn-e-only-per-neuron/param_table.txt
  [1] srnn-e-only-skip-per-neuron
    wrote srnn-e-only-skip-per-neuron/tau_evolution.png
    wrote srnn-e-only-skip-per-neuron/W_EI_evolution.png
    wrote srnn-e-only-skip-per-neuron/param_table.txt
  [2] srnn-sfa-e-only-per-neuron
    wrote srnn-sfa-e-only-per-neuron/tau_evolution.png
    wrote srnn-sfa-e-only-per-neuron/W_EI_evolution.png
    wrote srnn-sfa-e-only-per-neuron/param_table.txt
  [3] srnn-sfa-e-only-skip-per-neuron
    wrote srnn-sfa-e-only-skip-per-neuron/tau_evolution.png
    wrote srnn-sfa-e-only-skip-per-neuron/W_EI_evolution.png
    wrote srnn-sfa-e-only-skip-per-neuron/param_table.txt
  [4] srnn-std-e-only-per-neuron
    wrote srnn-std-e-only-per-neuron/tau_evolution.png
    wrote srnn-std-e-only-per-neuron/W_EI_evolution.png
    wrote srnn-std-e-only-per-neuron/param_table.txt
  [5] srnn-std-e-only-skip-per-neuron
    wrote srnn-std-e-only-skip-per-neuron/tau_evolution.png
    wrote srnn-std-e-only-skip-per-neuron/W_EI_evolution.png
    wrote srnn-std-e-only-skip-per-neuron/param_table.txt

=== Phase 4: consolidated PDF report ===
  wrote report.md
  wrote report.pdf

=== Done — outputs in /Users/richner.thomas/Desktop/MayoVertex/train-srnn/tmp/overnight-cl250-resume120__concat ===
